  401388     2668 Code                ABERROR_TEXT
  4039F0      1B1 Code                ABFILE_TEXT
  403BA4      159 Code                ABFUZZY_TEXT
  403D00       91 Code                ABRESIZE_TEXT
  403D94      133 Code                ABTOOLBA_TEXT
  403EC8     1CE4 Code                ABUTIL_TEXT
  405BAC     1A9A Code                ABWINDOW_TEXT
  407648      A47 Code                CLASSUSEEXAMPLE001_TEXT
  408090        9 Code                CLASSUSEEXAMPLE_BC0_TEXT
  40809C       13 Code                CLASSUSEEXAMPLE_BC_TEXT
  4080B0       CC Code                CLASSUSEEXAMPLE_TEXT
  40817C       7C Code                CWSYNCHC_TEXT
  4081F8       1C Code                DRAWGAUGE_TEXT
  408214       1C Code                DRAWHEADER_TEXT
  408230       E0 Code                DRAW_TEXT
  408310       23 Code                IEXE32_TEXT
  408334      84B Code                INIT_TEXT
  408B80        D Code                INST00_TEXT
  408B90      B27 Code                MYFUNCTIONSCLASS_TEXT
  4096B8    2F56F Code                STRINGTHEORY_TEXT
  438C28      61E Code                WINEVENT_TEXT
  439248       43 Code                _TEXT
  43A000     1172 Initialized Data    $DEFAULTERRORS_DATA
  43B174       14 Initialized Data    ABBROWSE_CONST
  43B188       23 Initialized Data    ABEIP_CONST
  43B1AC       3C Initialized Data    ABEIP_DATA
  43B1E8      16F Initialized Data    ABERROR_CONST
  43B358      A7C Initialized Data    ABERROR_DATA
  43BDD4       1D Initialized Data    ABFILE_CONST
  43BDF4      147 Initialized Data    ABFILE_DATA
  43BF3C        9 Initialized Data    ABFUZZY_CONST
  43BF48       B4 Initialized Data    ABFUZZY_DATA
  43BFFC        1 Initialized Data    ABPOPUP_CONST
  43C000        8 Initialized Data    ABRESIZE_CONST
  43C008       4C Initialized Data    ABTOOLBA_DATA
  43C054       8D Initialized Data    ABUTIL_CONST
  43C0E4      183 Initialized Data    ABUTIL_DATA
  43C268        4 Initialized Data    ABWINDOW_CONST
  43C26C       3F Initialized Data    ABWINDOW_DATA
  43C2AC      151 Initialized Data    CLASSUSEEXAMPLE001_CONST
  43C400      324 Initialized Data    CLASSUSEEXAMPLE001_DATA
  43C724       21 Initialized Data    CLASSUSEEXAMPLE_CONST
  43C748       6A Initialized Data    CLASSUSEEXAMPLE_DATA
  43C7B4       48 Initialized Data    CWSYNCHC_DATA
  43C7FC       4E Initialized Data    DRAWGAUGE_DATA
  43C84C       4E Initialized Data    DRAWHEADER_DATA
  43C89C      102 Initialized Data    DRAW_DATA
  43C9A0       44 Initialized Data    IEXE32_DATA
  43C9E4      1D0 Initialized Data    MYFUNCTIONSCLASS_CONST
  43CBB4       A4 Initialized Data    MYFUNCTIONSCLASS_DATA
  43CC58     28CC Initialized Data    STRINGTHEORY_CONST
  43F524      AB8 Initialized Data    STRINGTHEORY_DATA
  43FFDC       58 Initialized Data    WINEVENT_CONST
  440034      444 Initialized Data    WINEVENT_DATA
  440478        0 Initialized Data    __CPPINI_CONS
  440478      284 Initialized Data    __CPPINI_CONST
  4406FC        4 Initialized Data    __CPPINI_END
  440700        0 Initialized Data    __INIVMT_CONS
  440700       A8 Initialized Data    __INIVMT_CONST
  4407A8        0 Initialized Data    __INIVMT_CONST_END
  4407B0     1623 Un-initialized Data $FUZZYMATCHER_BSS
  441DD4     1EE1 Un-initialized Data $WE:DEVCB_BSS
  443CB8       40 Un-initialized Data ABEIP_BSS
  443CF8      404 Un-initialized Data ABERROR_BSS
  4440FC       10 Un-initialized Data ABFILE_BSS
  44410C        4 Un-initialized Data ABFUZZY_BSS
  444110      104 Un-initialized Data ABUTIL_BSS
  444214      150 Un-initialized Data CLASSUSEEXAMPLE_BSS
  444364        4 Un-initialized Data DRAWGAUGE_BSS
  444368        4 Un-initialized Data DRAWHEADER_BSS
  44436C        4 Un-initialized Data DRAW_BSS
  444370        4 Un-initialized Data MYFUNCTIONSCLASS_BSS
  444374       28 Un-initialized Data STRINGTHEORY_BSS
  44439C      437 Un-initialized Data WINEVENT_BSS
  445000        8 __T_L_S__DAT
  445008      4BC __T_L_S__DATA
  4454C4        0 __T_L_S__DATA_END
  4454D0        0 __T_L_S__BS
  4454D0     8FFC __T_L_S__BSS
  44E4CC        0 __T_L_S__BSS_END

  4014A4 KILL_@_WINDOWCOMPONENT_@_HISTHANDLERCLASS@F15WINDOWCOMPONENT
  4014A8 RESET_@_WINDOWCOMPONENT_@_HISTHANDLERCLASS@F15WINDOWCOMPONENTUc
  4014AC RESETREQUIRED_@_WINDOWCOMPONENT_@_HISTHANDLERCLASS@F15WINDOWCOMPONENT
  4014B0 SETALERTS_@_WINDOWCOMPONENT_@_HISTHANDLERCLASS@F15WINDOWCOMPONENT
  4014B4 TAKEEVENT_@_WINDOWCOMPONENT_@_HISTHANDLERCLASS@F15WINDOWCOMPONENT
  4014BC UPDATE_@_WINDOWCOMPONENT_@_HISTHANDLERCLASS@F15WINDOWCOMPONENT
  4014C0 UPDATEWINDOW_@_WINDOWCOMPONENT_@_HISTHANDLERCLASS@F15WINDOWCOMPONENT
  4014D4 VLBPROC@F16HISTHANDLERCLASSls
  401580 TAKEEVENT@F16HISTHANDLERCLASS
  401648 INIT@F16HISTHANDLERCLASSBw10ERRORCLASS16ERRORHISTORYLIST
  401654 _VLBPROC@F16HISTHANDLERCLASSls
  401664 TAKEACCEPTED@F11MSGBOXCLASS
  4016A0 SETUPADDITIONALFEQS@F11MSGBOXCLASS
  401728 KILL@F11MSGBOXCLASS
  401768 INIT@F11MSGBOXCLASS
  401A18 INIT@F11MSGBOXCLASSBw10ERRORCLASSOsbllll
  401AB0 FETCHSTDBUTTON@F11MSGBOXCLASSs
  401AE4 GETALLSTATUSVARIABLES@F10ERRORCLASS16ERRORSTATUSGROUP
  401B14 GETERRORBUFFERFATALITY@F10ERRORCLASS
  401B44 GETERRORBUFFERTITLE@F10ERRORCLASS
  401B7C GETERRORBUFFERID@F10ERRORCLASS
  401BA0 STOREERRORENTRY@F10ERRORCLASSUs
  401CD0 GETHISTORYRESETONVIEW@F10ERRORCLASS
  401D1C SETHISTORYRESETONVIEW@F10ERRORCLASSUc
  401D64 GETHISTORYVIEWLEVEL@F10ERRORCLASS
  401DB0 SETHISTORYVIEWLEVEL@F10ERRORCLASSl
  401DF8 GETHISTORYTHRESHOLD@F10ERRORCLASS
  401E44 SETHISTORYTHRESHOLD@F10ERRORCLASSl
  401E8C GETLOGERRORS@F10ERRORCLASS
  401ED8 GETSILENT@F10ERRORCLASS
  401F24 SETDEFAULTCATEGORY@F10ERRORCLASSsa
  401F6C GETDEFAULTCATEGORY@F10ERRORCLASS
  401FB8 VIEWHISTORY@F10ERRORCLASS
  401FE4 THROW@F10ERRORCLASSs
  401FF8 TAKEUSER@F10ERRORCLASS
  402054 TAKEPROGRAM@F10ERRORCLASS
  40205C TAKEOTHER@F10ERRORCLASS
  402064 TAKENOTIFY@F10ERRORCLASS
  4020B0 TAKEFATAL@F10ERRORCLASS
  40213C TAKEERROR@F10ERRORCLASSs
  402340 TAKEBENIGN@F10ERRORCLASS
  402344 SUBSSTRING@F10ERRORCLASS
  4026F0 SETPROCEDURENAME@F10ERRORCLASSOsb
  4027A0 GETERRORENTRY@F10ERRORCLASSUs15ERRORENTRYGROUPl
  402844 GETERRORENTRY@F10ERRORCLASSUs15ERRORENTRYGROUP
  402878 SETID@F10ERRORCLASSUsl
  4028B0 SETID@F10ERRORCLASSUs
  4028CC SETERRORS@F10ERRORCLASS
  402950 SETERRORLOG@F10ERRORCLASS17ERRORLOGINTERFACE
  4029F0 SETCATEGORY@F10ERRORCLASSssa
  402A3C RESETHISTORY@F10ERRORCLASS
  402A64 REMOVEERROR@F10ERRORCLASSUs
  402AA4 MESSAGEBOX@F10ERRORCLASSUcsbOsbOsblll
  402B3C MSG@F10ERRORCLASSsbOsbOsblll
  402E88 MESSAGE@F10ERRORCLASSsll
  402EEC KILL@F10ERRORCLASS
  402F90 INIT@F10ERRORCLASS16ERRORSTATUSCLASS
  402FEC INIT@F10ERRORCLASS
  4030C0 HISTORYMSG@F10ERRORCLASSsblll
  403280 GETPROCEDURENAME@F10ERRORCLASS
  403354 GETCATEGORY@F10ERRORCLASSs
  4033DC ADDHISTORY@F10ERRORCLASS
  40340C ADDERRORS@F10ERRORCLASS10ERRORBLOCK
  4035B8 ADDERROR@F10ERRORCLASSUsRsbRsbUcsa
  403664 DESTRUCT@F10ERRORCLASS
  403680 CONSTRUCT@F10ERRORCLASS
  403698 DESTRUCT@F16ERRORSTATUSCLASS
  4036CC CONSTRUCT@F16ERRORSTATUSCLASS
  403804 CLOSE_@_ERRORLOGINTERFACE_@_STANDARDERRORLOGCLASS@F17ERRORLOGINTERFACEUc
  40380C OPEN_@_ERRORLOGINTERFACE_@_STANDARDERRORLOGCLASS@F17ERRORLOGINTERFACEUc
  403814 TAKE_@_ERRORLOGINTERFACE_@_STANDARDERRORLOGCLASS@F17ERRORLOGINTERFACEsb
  4038B8 CLOSE@F21STANDARDERRORLOGCLASSUc
  403934 OPEN@F21STANDARDERRORLOGCLASSUc
  4039DC DESTRUCT@F21STANDARDERRORLOGCLASS
  4039E8 CONSTRUCT@F21STANDARDERRORLOGCLASS
  4039F0 DESTRUCT@F12FILESMANAGER
  403A30 CONSTRUCT@F12FILESMANAGER
  403A7C TRYREGET@F11FILEMANAGERsb
  403B24 POSITION@F11FILEMANAGER
  403BA4 SETOPTION@F10FUZZYCLASSUcUc
  403C08 KILL@F10FUZZYCLASS
  403C0C INIT@F10FUZZYCLASS
  403C20 CONSTRUCT@F10FUZZYCLASS
  403D00 TAKERESIZE@F17WINDOWRESIZECLASS
  403D08 KILL@F17WINDOWRESIZECLASS
  403D94 TAKEEVENT@F12TOOLBARCLASSPl13WINDOWMANAGER
  403DC0 SETTARGET@F12TOOLBARCLASSl
  403E68 KILL@F12TOOLBARCLASS
  403E80 INIT@F12TOOLBARCLASS
  403EA0 DISPLAYBUTTONS@F12TOOLBARCLASS
  403EC8 SETMASK@F15SELECTFILECLASSsbsb
  403F44 SETMASK@F15SELECTFILECLASSsb
  403F94 ASK@F15SELECTFILECLASSUc
  4040FC ADDMASK@F15SELECTFILECLASSsb
  4041B8 INIT@F15SELECTFILECLASS
  4041E0 UPDATEQUEUE@F8INICLASSsbsbBqRuPuPuPu
  404404 UPDATE@F8INICLASSsbsbsb
  4044C0 UPDATE@F8INICLASSsbBw
  4046A0 UPDATE@F8INICLASS
  4046A4 TRYFETCH@F8INICLASSsbsb
  40471C REMOVE@F8INICLASSsbsb
  404884 KILL@F8INICLASS
  4049BC INIT@F8INICLASSsbll
  404AD4 FETCHQUEUE@F8INICLASSsbsbBqRuPuPuPu
  404D48 FETCHFIELD@F8INICLASSsbsbUc
  404E88 FETCH@F8INICLASSsbsbRu
  404F4C FETCH@F8INICLASSsbBw
  4051AC FETCH@F8INICLASSsbsb
  405284 FETCH@F8INICLASS
  405288 UPDATEWINDOWINFO@F8INICLASSsb10WINDOWINFO
  4054F4 FETCHWINDOWINFO@F8INICLASSsb10WINDOWINFO
  40576C UPDATE@F8INICLASSsbsbsbsb
  405958 FETCH@F8INICLASSsbsbsbsb
  405B7C DESTRUCT@F8INICLASS
  405B98 CONSTRUCT@F8INICLASS
  405BAC SAVEONINSERTACTION@F13WINDOWMANAGER
  405C50 SAVEONCHANGEACTION@F13WINDOWMANAGER
  405D68 DELETEACTION@F13WINDOWMANAGER
  405F24 CHANGEACTION@F13WINDOWMANAGER
  406294 INSERTACTION@F13WINDOWMANAGER
  406484 TAKEDISABLEBUTTON@F13WINDOWMANAGERlUc
  4064AC UPDATE@F13WINDOWMANAGER
  4064E8 TAKEWINDOWEVENT@F13WINDOWMANAGER
  406624 TAKESELECTED@F13WINDOWMANAGER
  406628 TAKEREJECTED@F13WINDOWMANAGER
  406664 TAKENOTIFY@F13WINDOWMANAGERlll
  406668 TAKENEWSELECTION@F13WINDOWMANAGER
  4066E8 TAKEFIELDEVENT@F13WINDOWMANAGER
  4066EC TAKEEVENT@F13WINDOWMANAGER
  406894 TAKECLOSEEVENT@F13WINDOWMANAGER
  406A38 TAKECOMPLETED@F13WINDOWMANAGER
  406B10 TAKEACCEPTED@F13WINDOWMANAGER
  406BFC SETRESPONSE@F13WINDOWMANAGERUc
  406C48 SETALERTS@F13WINDOWMANAGER
  406CF8 SAVEHISTORY@F13WINDOWMANAGER
  406DA0 RUN@F13WINDOWMANAGERUsUc
  406DA4 RUN@F13WINDOWMANAGER
  406DF0 RESTOREFIELD@F13WINDOWMANAGERl
  406FA8 RESETBUFFERS@F13WINDOWMANAGERUc
  40700C RESET@F13WINDOWMANAGERUc
  407094 PRIMEUPDATE@F13WINDOWMANAGER
  4071D8 PRIMEFIELDS@F13WINDOWMANAGER
  4071DC POSTCOMPLETED@F13WINDOWMANAGER
  407274 OPEN@F13WINDOWMANAGERBwBw
  4072BC OPEN@F13WINDOWMANAGER
  407300 KILL@F13WINDOWMANAGER
  407454 INIT@F13WINDOWMANAGER
  4074D0 ASK@F13WINDOWMANAGER
  407534 ADDITEM@F13WINDOWMANAGER15WINDOWCOMPONENT
  407560 ADDITEM@F13WINDOWMANAGER12TOOLBARCLASS
  407574 ADDITEM@F13WINDOWMANAGERlUc
  407598 DISABLECANCELCONTROLS@F13WINDOWMANAGER
  4075F0 ENABLECANCELCONTROLS@F13WINDOWMANAGER
  407EA0 MAIN@F
  408090 CLASSUSEEXAMPLE_BC0$CLASSUSEEXAMPLE_BC0:FILESINIT@F
  408094 CLASSUSEEXAMPLE_BC0$CLASSUSEEXAMPLE_BC0:DCTKILL@F
  408098 CLASSUSEEXAMPLE_BC0$CLASSUSEEXAMPLE_BC0:DCTINIT@F
  40809C DCTKILL@F
  4080A4 DCTINIT@F
  4080B0 _main
  408148 DESTRUCT@F10DICTIONARY
  408150 CONSTRUCT@F10DICTIONARY
  408160 DATASTORE$$$PatchFCB
  40817C DESTRUCT@F15CRITICALSECTION
  408190 CONSTRUCT@F15CRITICALSECTION
  4081A4 KILL@F17CRITICALPROCEDURE
  4081C8 INIT@F17CRITICALPROCEDURE11ISYNCOBJECT
  4081E8 DESTRUCT@F17CRITICALPROCEDURE
  4081F0 CONSTRUCT@F17CRITICALPROCEDURE
  408B80 __thr_inst0
  408B90 LpprogressRoutine
  408D4C GETTEREXAMPLE@F16MYFUNCTIONSCLASS
  408D64 SETTEREXAMPLE@F16MYFUNCTIONSCLASSsb
  408DA0 TRACE@F16MYFUNCTIONSCLASSsb
  408E40 GETUTCTIMESTAMP@F16MYFUNCTIONSCLASSOlOl
  408F54 GETPROGRESS@F16MYFUNCTIONSCLASSdd
  408F90 GETLASTDAYOFMONTH@F16MYFUNCTIONSCLASSl
  408FEC GETLARGEINTBYTES@F16MYFUNCTIONSCLASSUlUl
  409114 GETISWEEKEND@F16MYFUNCTIONSCLASSl
  409134 GETFIRSTDAYOFMONTH@F16MYFUNCTIONSCLASSl
  40915C GETDAYOFWEEKASNUMBER@F16MYFUNCTIONSCLASSl
  40917C GETDAYOFWEEK@F16MYFUNCTIONSCLASSl
  4092C4 WINDOWINMETHOD@F16MYFUNCTIONSCLASS
  4093D0 FORMATMESSAGE@F16MYFUNCTIONSCLASSl
  409454 COPYFILECALLBACK@F16MYFUNCTIONSCLASSl
  409458 COPYFILEAPI@F16MYFUNCTIONSCLASSsbsb
  4095D4 EXAMPLECALLBACK@F16MYFUNCTIONSCLASSOsb
  4096A0 DESTRUCT@F16MYFUNCTIONSCLASS
  4096A4 CONSTRUCT@F16MYFUNCTIONSCLASS
  4096B8 SORTCASEINSENSITIVE@F14LINESGROUPTYPE14LINESGROUPTYPE
  409730 SORTLENGTH@F14LINESGROUPTYPE14LINESGROUPTYPE
  4097D0 SORTCASESENSITIVE@F14LINESGROUPTYPE14LINESGROUPTYPE
  409820 DEFORMATUNIXTIMESTAMP@F14STRINGDEFORMATsbOsb
  409C50 DEFORMATDATETEXT@F14STRINGDEFORMATlsbsbsbsb
  40D964 DEFORMATDATE@F14STRINGDEFORMATsbOsb
  40F920 DEFORMATTIME@F14STRINGDEFORMATsbOsb
  4106D0 DEFORMATTIMEHOURS@F14STRINGDEFORMATsbOsb
  410758 DEFORMATNUMBER@F14STRINGDEFORMATsbOsb
  410CB8 DEFORMATHEX@F14STRINGDEFORMATsbOsb
  410EE4 DEFORMATPATTERN@F14STRINGDEFORMATsbOsb
  4110B8 DEFORMATSCIENTIFIC@F14STRINGDEFORMATsbOsb
  41120C DEFORMATVALUE@F14STRINGDEFORMATsbOsb
  41153C DATEFROMWEEK@F14STRINGDEFORMATsbll
  4116B0 TRANSLATE@F14STRINGDEFORMATsb
  4116E4 FORMATPATTERN@F12STRINGFORMATsb13STRINGPICTUREl
  4117F0 FORMATHEX@F12STRINGFORMATsb13STRINGPICTUREl
  411AE4 FORMATUNIXTIMESTAMP@F12STRINGFORMATd13STRINGPICTUREl
  411DB0 FORMATNUMBER@F12STRINGFORMATdsbl
  411EFC FORMATTIMEHOURS@F12STRINGFORMATdsbl
  411F98 FORMATTIME@F12STRINGFORMATd13STRINGPICTUREl
  413210 FORMATTIME@F12STRINGFORMATdsbl
  41329C WEEK@F12STRINGFORMATlRlRlRl
  413418 FORMATDATE@F12STRINGFORMATd13STRINGPICTUREl
  41395C FORMATDATE@F12STRINGFORMATdsbl
  4139E8 FORMATVALUE@F12STRINGFORMATsbOsbl
  413F1C CLARIONTOUNIXDATE@F8UNIXDATElll
  41401C UNIXTOCLARIONTIME@F8UNIXDATEdl
  414120 UNIXTOCLARIONDATE@F8UNIXDATEdl
  4141F4 TRACE@F8UNIXDATEsb
  414268 _BLOCKBOUND@F13STRINGPICTUREsbsbRl
  4142C4 _BLOCKBOUND@F13STRINGPICTURERsbsbRl
  4143C4 _BLOCK@F13STRINGPICTUREsbsbRll
  414420 _BLOCK@F13STRINGPICTURERsbsbRll
  4144F0 TRACE@F13STRINGPICTUREsb
  414564 INTERPRETHEXPICTURE@F13STRINGPICTURE
  4145F8 INTERPRETUNIXTIMESTAMPPICTURE@F13STRINGPICTURE
  414700 INTERPRETKEYINPICTURE@F13STRINGPICTURE
  414718 INTERPRETPATTERNPICTURE@F13STRINGPICTURE
  414730 INTERPRETNUMERICPICTURE@F13STRINGPICTURE
  41474C INTERPRETSCIENTIFICPICTURE@F13STRINGPICTURE
  414768 INTERPRETSTRINGPICTURE@F13STRINGPICTURE
  4147C0 INTERPRETTIMEHOURSPICTURE@F13STRINGPICTURE
  4147DC INTERPRETTIMEPICTURE@F13STRINGPICTURE
  414E0C INTERPRETDATEPICTURE@F13STRINGPICTURE
  41587C INTERPRETPICTURE@F13STRINGPICTUREOsb
  415A50 PARSEHEXPICTURE@F13STRINGPICTUREOsb
  415C9C PARSEUNIXTIMESTAMPPICTURE@F13STRINGPICTUREOsb
  416108 PARSEKEYINPICTURE@F13STRINGPICTUREOsb
  416248 PARSEPATTERNPICTURE@F13STRINGPICTUREOsb
  416388 PARSENUMERICPICTURE@F13STRINGPICTUREOsb
  416788 PARSESCIENTIFICPICTURE@F13STRINGPICTUREOsb
  4169E4 PARSESTRINGPICTURE@F13STRINGPICTUREOsb
  416B18 PARSETIMEHOURSPICTURE@F13STRINGPICTUREOsb
  416BE8 PARSETIMEPICTURE@F13STRINGPICTUREOsb
  4170C8 PARSEDATEPICTURE@F13STRINGPICTUREOsb
  4173E4 PARSEPICTURE@F13STRINGPICTUREOsb
  41774C CREATEHEXPICTURE@F13STRINGPICTUREl
  4177BC CREATEUNIXTIMESTAMPPICTURE@F13STRINGPICTUREl
  417844 CREATEKEYINPICTURE@F13STRINGPICTUREl
  417954 CREATEPATTERNPICTURE@F13STRINGPICTUREl
  417A64 CREATENUMERICPICTURE@F13STRINGPICTUREl
  417D24 CREATESCIENTIFICPICTURE@F13STRINGPICTUREl
  417F40 CREATESTRINGPICTURE@F13STRINGPICTUREl
  4180B0 CREATETIMEHOURSPICTURE@F13STRINGPICTUREl
  4180F0 CREATETIMEPICTURE@F13STRINGPICTUREl
  418410 CREATEDATEPICTURE@F13STRINGPICTUREl
  41860C CREATEPICTURE@F13STRINGPICTUREOsbl
  418784 SETDEFORMATVALUE@F12STRINGTHEORYsbsb
  418808 SETDEFORMATVALUE@F12STRINGTHEORYsb
  418884 SETFORMATVALUE@F12STRINGTHEORYsbsb
  418910 SETFORMATVALUE@F12STRINGTHEORYsb
  418994 DEFORMATVALUE@F12STRINGTHEORYsbsb
  418A14 DEFORMATVALUE@F12STRINGTHEORYsb
  418A84 FORMATVALUE@F12STRINGTHEORYsbsb
  418B0C FORMATVALUE@F12STRINGTHEORYsb
  418B80 _IANANAMETONUMBER@F12STRINGTHEORYsb
  419244 FORMATHTML@F12STRINGTHEORY
  419778 ASNENCODENUMBER@F12STRINGTHEORYsbl
  419828 ASNENCODE@F12STRINGTHEORYsbOsb
  419924 ASNDECODE@F12STRINGTHEORYRl12STRINGTHEORYPsb
  419BA0 CONVERTANSITOOEM@F12STRINGTHEORY
  419BE8 CONVERTOEMTOANSI@F12STRINGTHEORY
  419C30 ENDSWITH@F12STRINGTHEORYsbll
  419D18 STARTSWITH@F12STRINGTHEORYsbll
  419DE0 ISTIME@F12STRINGTHEORY
  419F10 ISTIME@F12STRINGTHEORYsb
  419FA4 DEFORMATTIME@F12STRINGTHEORY
  41A020 DEFORMATTIME@F12STRINGTHEORYsb
  41A0A4 FORMATTIME@F12STRINGTHEORYsb
  41A124 FORMATTIME@F12STRINGTHEORYsbsb
  41A1BC LINEENDINGS@F12STRINGTHEORYll
  41A67C MERGEXML@F12STRINGTHEORYsbl
  41A7A8 GUNZIP@F12STRINGTHEORY
  41AB0C GZIP@F12STRINGTHEORYl
  41AEB0 LOADNORMALIZE@F12STRINGTHEORY
  41AF9C LOADLIBS@F12STRINGTHEORY
  41B154 PEEKRAM@F12STRINGTHEORY12STRINGTHEORYUlll
  41B52C PEEKRAM@F12STRINGTHEORYUlll
  41B638 PEEKRAM@F12STRINGTHEORYl
  41B64C CLEANFILENAME@F12STRINGTHEORYOsbOsb
  41B7B8 URLDECODE@F12STRINGTHEORYOsbOsb
  41BAF0 URLENCODE@F12STRINGTHEORYlOsbOsbOsb
  41C4D8 URLENCODE@F12STRINGTHEORYsblsbsbsb
  41C600 _COLORFROMCSL@F12STRINGTHEORYsb
  41C82C _COLORFROMHEX@F12STRINGTHEORYsb
  41CA1C _COLORTOHEX@F12STRINGTHEORYl
  41CB00 COLORTOLONG@F12STRINGTHEORYsb
  41CE30 COLORFROMHEX@F12STRINGTHEORYsb
  41CE70 COLORTOHEX@F12STRINGTHEORYsbl
  41FCB0 REPLACELAST@F12STRINGTHEORYsbsblll
  41FD98 FINDLAST@F12STRINGTHEORYsblll
  41FDF0 REPLACENTH@F12STRINGTHEORYsbsbllll
  4200A0 FINDNTH@F12STRINGTHEORYsbllll
  4203A0 FINDCHARS@F12STRINGTHEORYsbllsb
  420428 FINDCHARS@F12STRINGTHEORYsbllRsb
  4204A8 FINDCHARS@F12STRINGTHEORYRsbllRsb
  420518 FINDCHARS@F12STRINGTHEORYsbll
  42058C FINDCHARS@F12STRINGTHEORYRsbll
  4205D8 FINDCHARS@F12STRINGTHEORYsbl
  420658 FINDCHARS@F12STRINGTHEORYRsbl
  42069C FINDCHARS@F12STRINGTHEORYsb
  4206E0 FINDCHARS@F12STRINGTHEORYRsb
  4206F4 FINDCHARSADDR@F12STRINGTHEORYRsbll
  4207D8 FINDENDOFSTRING@F12STRINGTHEORYlll
  420888 _MEMICHR@F12STRINGTHEORYlll
  4208F8 _MEMICHRS@F12STRINGTHEORYRsbll
  4209DC _MEMCHRS@F12STRINGTHEORYRsbll
  420A98 FINDCHAR@F12STRINGTHEORYsbllsb
  420B34 FINDCHAR@F12STRINGTHEORYsbll
  420BBC FINDCHAR@F12STRINGTHEORYsbl
  420C54 FINDCHAR@F12STRINGTHEORYsb
  420CB4 UNQUOTE@F12STRINGTHEORYOsbOsb
  420D8C QUOTE@F12STRINGTHEORYOsbOsb
  420ED0 INSERT@F12STRINGTHEORYlRsb
  4210D8 INSERT@F12STRINGTHEORYlsb
  421110 INSERT@F12STRINGTHEORYl12STRINGTHEORY
  421138 SETSLICE@F12STRINGTHEORYllsb
  4211B4 STR@F12STRINGTHEORYRsb
  421208 STR@F12STRINGTHEORYsb
  421278 STR@F12STRINGTHEORY
  4212B0 REVERSEBYTEORDER@F12STRINGTHEORY
  4212BC LITTLEENDIAN@F12STRINGTHEORYUl
  4212C8 BIGENDIAN@F12STRINGTHEORYUl
  4212D4 SWITCHENDIAN@F12STRINGTHEORYUl
  42130C LITTLEENDIAN@F12STRINGTHEORY
  42133C BIGENDIAN@F12STRINGTHEORY
  42136C _SWITCHENDIAN@F12STRINGTHEORY
  4213BC MATCHBRACKETS@F12STRINGTHEORYsbsbl
  42150C KEEPCHARS@F12STRINGTHEORYsb
  421650 KEEPCHARS@F12STRINGTHEORYsbsb
  4216F8 REMOVECHARS@F12STRINGTHEORYsb
  421828 ISALL@F12STRINGTHEORYsbOsbl
  421918 ISASCII@F12STRINGTHEORY
  421948 CONTAINSCHAR@F12STRINGTHEORYsbsb
  4219C4 CONTAINSCHAR@F12STRINGTHEORYsbRsb
  421A40 CONTAINSCHAR@F12STRINGTHEORYsb
  421AA8 CONTAINSA@F12STRINGTHEORYsbOsbl
  421B94 ISALLDIGITS@F12STRINGTHEORY
  421BCC CONTAINSADIGIT@F12STRINGTHEORY
  421C04 SQUEEZE@F12STRINGTHEORYlOsbl
  421D30 SETALL@F12STRINGTHEORYl
  421D78 ALL@F12STRINGTHEORYl
  421DC4 SETRIGHT@F12STRINGTHEORYllOsb
  421E40 RIGHT@F12STRINGTHEORYllOsb
  421FE4 SETLEFT@F12STRINGTHEORYllOsb
  422060 LEFT@F12STRINGTHEORYllOsb
  422228 REVERSE@F12STRINGTHEORY
  4222B0 REVERSE@F12STRINGTHEORYsb
  422368 TRIM@F12STRINGTHEORYOsb
  4224C4 CLIP@F12STRINGTHEORY
  422530 TAIL@F12STRINGTHEORYl
  42257C TOP@F12STRINGTHEORYl
  4225A0 REMOVEFROMPOSITION@F12STRINGTHEORYll
  422658 REMOVE@F12STRINGTHEORYsbOsblll
  422B5C CHARTODECENTITY@F12STRINGTHEORYll
  422C04 DECENTITYTOCHAR@F12STRINGTHEORY
  422FC8 HTMLENTITYTODEC@F12STRINGTHEORY
  424E40 REMOVEXMLPREFIXES@F12STRINGTHEORY
  424EF8 REMOVEATTRIBUTES@F12STRINGTHEORYsbl
  4250EC COUNTWORDS@F12STRINGTHEORYllOsbl
  4251A8 WORDEND@F12STRINGTHEORYllOsbl
  4255A8 WORDSTART@F12STRINGTHEORYlllOsb
  4257F8 GETWORD@F12STRINGTHEORYlllOsbl
  425864 FINDWORD@F12STRINGTHEORYlllRlRlOsbl
  425A7C GETBYTES@F12STRINGTHEORYRusbl
  425EC0 SETBYTES@F12STRINGTHEORYRusbl
  4263F0 GETBYTES@F12STRINGTHEORYRspl
  426410 GETBYTES@F12STRINGTHEORYRsbl
  426430 GETBYTES@F12STRINGTHEORYRscl
  426450 GETBYTES@F12STRINGTHEORYRel
  426474 GETBYTES@F12STRINGTHEORYRdl
  426490 GETBYTES@F12STRINGTHEORYRfl
  4264AC GETBYTES@F12STRINGTHEORYRUll
  4264C8 GETBYTES@F12STRINGTHEORYRll
  4264DC GETBYTES@F12STRINGTHEORYRUsl
  4264F8 GETBYTES@F12STRINGTHEORYRsl
  426514 GETBYTES@F12STRINGTHEORYRUcl
  426530 SETBYTES@F12STRINGTHEORYRsp
  426554 SETBYTES@F12STRINGTHEORYRsb
  426564 SETBYTES@F12STRINGTHEORYRsc
  426584 SETBYTES@F12STRINGTHEORYRe
  4265C8 SETBYTES@F12STRINGTHEORYRd
  4265DC SETBYTES@F12STRINGTHEORYRf
  4265F0 SETBYTES@F12STRINGTHEORYRUl
  426604 SETBYTES@F12STRINGTHEORYRl
  426618 SETBYTES@F12STRINGTHEORYRUs
  42662C SETBYTES@F12STRINGTHEORYRs
  426640 SETBYTES@F12STRINGTHEORYRUc
  426654 FROMBYTES@F12STRINGTHEORYRsbRspl
  426678 FROMBYTES@F12STRINGTHEORYRsbRsbl
  42669C FROMBYTES@F12STRINGTHEORYRsbRscl
  4266C0 FROMBYTES@F12STRINGTHEORYRsbRel
  42670C FROMBYTES@F12STRINGTHEORYRsbRdl
  426744 FROMBYTES@F12STRINGTHEORYRsbRfl
  42677C FROMBYTES@F12STRINGTHEORYRsbRUll
  4267B4 FROMBYTES@F12STRINGTHEORYRsbRll
  4267EC FROMBYTES@F12STRINGTHEORYRsbRUsl
  426824 FROMBYTES@F12STRINGTHEORYRsbRsl
  42685C FROMBYTES@F12STRINGTHEORYRsbRUcl
  426894 TOBYTES@F12STRINGTHEORYRsbRsbl
  4268B8 TOBYTES@F12STRINGTHEORYRspRsbl
  4268E4 TOBYTES@F12STRINGTHEORYRscRsbl
  426908 TOBYTES@F12STRINGTHEORYReRsbl
  426928 TOBYTES@F12STRINGTHEORYRdRsbl
  426960 TOBYTES@F12STRINGTHEORYRfRsbl
  426998 TOBYTES@F12STRINGTHEORYRUlRsbl
  4269D0 TOBYTES@F12STRINGTHEORYRlRsbl
  426A08 TOBYTES@F12STRINGTHEORYRUsRsbl
  426A3C TOBYTES@F12STRINGTHEORYRsRsbl
  426A70 TOBYTES@F12STRINGTHEORYRUcRsbl
  426AA0 STRCPY@F12STRINGTHEORYRsbRsbl
  426B4C WRAPTEXT@F12STRINGTHEORYlll
  427164 FROMHEX@F12STRINGTHEORY
  427384 TOHEX@F12STRINGTHEORYll
  4274A0 HEXTOSTRING@F12STRINGTHEORYsb
  4276F0 STRINGTOHEX@F12STRINGTHEORYsbll
  427734 STRINGTOHEX@F12STRINGTHEORYRsbll
  427844 LONGTOHEX@F12STRINGTHEORYl
  4278F4 HEXTOBYTE@F12STRINGTHEORYsb
  427948 BYTETOHEX@F12STRINGTHEORYUc
  4279A8 BASETODEC@F12STRINGTHEORYsbl
  427ABC DECTOBASE@F12STRINGTHEORYlll
  427C08 NORMALIZE@F12STRINGTHEORYll
  427EDC UTF16TOUTF8CHAR@F12STRINGTHEORYsbRl
  42813C DECODEHEXINLINE@F12STRINGTHEORYsbll
  428314 DECODEHEXINLINE@F12STRINGTHEORYl
  428388 TOUNICODE@F12STRINGTHEORYll
  4285DC TOANSI@F12STRINGTHEORYlll
  4287C0 TOANSI@F12STRINGTHEORYll
  4289D0 APIANSITOUTF8@F12STRINGTHEORYRsbRl
  428A04 APIUTF8TOANSI@F12STRINGTHEORYRsbRl
  428A38 ANSITOUTF8@F12STRINGTHEORYRsbRll
  428B48 UTF8TOANSI@F12STRINGTHEORYRsbRll
  428C44 UTF16TO8@F12STRINGTHEORYRsbRll
  428E5C UTF8TO16@F12STRINGTHEORYRsbRl
  428F94 UTF16TOANSI@F12STRINGTHEORYRsbRllUl
  42910C ANSITOUTF16@F12STRINGTHEORYRsbRlUl
  429254 LONGDIVISION@F12STRINGTHEORYlRll
  4293D4 CHANGEBASE@F12STRINGTHEORYll
  4294C4 FROMBLOB@F12STRINGTHEORYBb
  4295C0 TOBLOB@F12STRINGTHEORYBb
  4296D8 SETAFTERNTH@F12STRINGTHEORYsblllll
  429794 SETAFTERLAST@F12STRINGTHEORYsbllll
  429860 SETAFTER@F12STRINGTHEORYsbllll
  4299D0 AFTERNTH@F12STRINGTHEORYsbllll
  429A6C AFTERLAST@F12STRINGTHEORYsblll
  429B28 AFTER@F12STRINGTHEORYsblll
  429C8C FINDBETWEENPOSITION@F12STRINGTHEORYsbsbRlRlll
  429F14 SETBETWEEN@F12STRINGTHEORYsbsblllll
  42A000 FINDBETWEEN@F12STRINGTHEORYsbsbRlRlll
  42A0AC BETWEEN@F12STRINGTHEORYsbsbllll
  42A130 SETBEFORENTH@F12STRINGTHEORYsblllll
  42A1EC SETBEFORELAST@F12STRINGTHEORYsbllll
  42A2B0 SETBEFORE@F12STRINGTHEORYsbllll
  42A41C BEFORENTH@F12STRINGTHEORYsbllll
  42A4A0 BEFORELAST@F12STRINGTHEORYsblll
  42A544 BEFORE@F12STRINGTHEORYsblll
  42A690 ADDBOM@F12STRINGTHEORYl
  42A77C SETENCODINGFROMBOM@F12STRINGTHEORYl
  42A878 SAVEFILEA@F12STRINGTHEORYsbsbl
  42A8DC SAVEFILE@F12STRINGTHEORYRsbsbll
  42AB4C SAVEFILE@F12STRINGTHEORYsbl
  42ABC8 LOADFILE@F12STRINGTHEORYsblll
  42B014 URLPARAMETER@F12STRINGTHEORYsbOsb
  42B2F4 URLPARAMETERSONLY@F12STRINGTHEORYOsb
  42B460 URLFILEONLY@F12STRINGTHEORYOsb
  42B67C URLPATHONLY@F12STRINGTHEORYOsbl
  42B868 URLPORTONLY@F12STRINGTHEORYOsb
  42BA44 URLHOSTONLY@F12STRINGTHEORYOsbl
  42BC50 URLPROTOCOLONLY@F12STRINGTHEORYOsb
  42BD80 PATHONLY@F12STRINGTHEORYOsb
  42BEA0 FILENAMEONLY@F12STRINGTHEORYOsbl
  42C130 LOWER@F12STRINGTHEORYOsbOsb
  42C2D0 UPPER@F12STRINGTHEORYOsbOsb
  42C470 TRACE@F12STRINGTHEORYOsb
  42C594 TRACE@F12STRINGTHEORYBq
  42C694 TOCSTRING@F12STRINGTHEORY
  42C744 GETCODEPAGEFROMCHARSET@F12STRINGTHEORYOl
  42C804 SUB@F12STRINGTHEORYll
  42C898 FILTER@F12STRINGTHEORYsbsbll
  42CC04 SORT@F12STRINGTHEORYl
  42CC44 SORT@F12STRINGTHEORYlsbOsbOsbll
  42CD4C SPLITBETWEEN@F12STRINGTHEORYsbsbll
  42CE98 SPLITBYMATCH@F12STRINGTHEORYsbl
  42CFC0 SPLITEVERY@F12STRINGTHEORYl
  42DCE8 SPLIT@F12STRINGTHEORYsbOsbOsblllOsbl
  42DE4C SLICE@F12STRINGTHEORYll
  42DEC0 ADJUSTLENGTH@F12STRINGTHEORYl
  42DFC8 SETLENGTH@F12STRINGTHEORYll
  42E120 REMOVEHTML@F12STRINGTHEORY
  42E27C REPLACESINGLECHARS@F12STRINGTHEORYsbsbl
  42E350 REPLACESINGLECHARS@F12STRINGTHEORYsbsb
  42E434 REPLACEEXCEPTBETWEEN@F12STRINGTHEORYsbOsbsbsbllll
  42E7EC REPLACEBETWEEN@F12STRINGTHEORYsbOsbsbsblllll
  42F554 REPLACE@F12STRINGTHEORYsbsbllll
  42F888 REPLACE@F12STRINGTHEORYsbsblllll
  42FA4C RECORDS@F12STRINGTHEORY
  42FA64 MAKEGUID@F12STRINGTHEORYll
  42FA94 SETRANDOM@F12STRINGTHEORYllOsb
  42FFEC RANDOM@F12STRINGTHEORYllOsb
  430064 SEEDRANDOM@F12STRINGTHEORY
  4300B8 PREPEND@F12STRINGTHEORY12STRINGTHEORY
  4300E0 PREPEND@F12STRINGTHEORY12STRINGTHEORYsb
  43013C PREPEND@F12STRINGTHEORY12STRINGTHEORYlsb
  4301D4 PREPEND@F12STRINGTHEORYRsb
  4302D0 PREPEND@F12STRINGTHEORYsb
  430308 PREPEND@F12STRINGTHEORYsblsb
  430578 PREPEND@F12STRINGTHEORYsbl
  430610 MD5@F12STRINGTHEORYlPsbl
  4306C0 _MALLOC@F12STRINGTHEORYlll
  430838 CHARS@F12STRINGTHEORYlOsb
  430968 LEN@F12STRINGTHEORY
  43096C LENGTHA@F12STRINGTHEORY
  430970 LENGTH@F12STRINGTHEORY
  430974 JOIN@F12STRINGTHEORYsbOsbOsbl
  430DB8 SERIALIZEGROUP@F12STRINGTHEORYRg12STRINGTHEORYOsbOsbll
  431250 SERIALIZEQUEUE@F12STRINGTHEORYBqOsb12STRINGTHEORYOsbOsbll
  4314A8 SERIALIZEGROUP@F12STRINGTHEORYRgOsbOsbOsbll
  43162C SERIALIZEQUEUE@F12STRINGTHEORYBqOsbOsbOsbOsbll
  4317C0 REMOVELINES@F12STRINGTHEORYOsb
  4318BC DELETELINE@F12STRINGTHEORYl
  431908 ADDLINE@F12STRINGTHEORYRsb
  43191C ADDLINE@F12STRINGTHEORYsb
  431954 ADDLINE@F12STRINGTHEORYlRsb
  431A2C ADDLINE@F12STRINGTHEORYlsb
  431A64 SETLINE@F12STRINGTHEORYl12STRINGTHEORY
  431A94 SETLINE@F12STRINGTHEORYlRsb
  431BB4 SETLINE@F12STRINGTHEORYlsb
  431BEC INLINE@F12STRINGTHEORYsblllllll
  432014 GETBUFFERLENGTH@F12STRINGTHEORY
  432018 GETLINE@F12STRINGTHEORYl
  4320C8 GETVAL@F12STRINGTHEORY
  4320DC GETVALUE@F12STRINGTHEORYl
  432130 GETVALUE@F12STRINGTHEORY
  432168 FORMATMESSAGE@F12STRINGTHEORYl
  4321B4 EXTENSIONONLY@F12STRINGTHEORYOsb
  4322E8 ERRORTRAP@F12STRINGTHEORYsbsbUc
  432460 CAPITALIZE@F12STRINGTHEORYlllOsb
  432624 COUNT@F12STRINGTHEORYsbllllll
  4329A8 FINDMATCHPOSITION@F12STRINGTHEORYsbRlRlll
  432B3C FINDMATCH@F12STRINGTHEORYsbRlRlll
  432BC8 MATCH@F12STRINGTHEORYsbllll
  432CB8 INSTRING@F12STRINGTHEORYsblllll
  4331F8 INSTRING@F12STRINGTHEORYsbllll
  43329C INSTRING@F12STRINGTHEORYRsblll
  433304 INSTRING@F12STRINGTHEORYsblll
  43339C INSTRING@F12STRINGTHEORYRsbll
  433434 INSTRING@F12STRINGTHEORYsbll
  433518 INSTRING@F12STRINGTHEORYRsbl
  433574 INSTRING@F12STRINGTHEORYsbl
  43360C INSTRING@F12STRINGTHEORYRsb
  433640 INSTRING@F12STRINGTHEORYsb
  4336A8 CROP@F12STRINGTHEORYll
  433748 CLIPLENGTH@F12STRINGTHEORY
  433788 CLIPLEN@F12STRINGTHEORY
  433794 FREELINES@F12STRINGTHEORY
  4337E4 FREE@F12STRINGTHEORYll
  43388C ZEROXDECODE@F12STRINGTHEORY
  4339C4 ZEROXENCODE@F12STRINGTHEORY
  433B20 XMLDECODE@F12STRINGTHEORY
  433C68 XMLENCODE@F12STRINGTHEORYl
  434304 JSONDECODE@F12STRINGTHEORY
  4347F4 JSONENCODE@F12STRINGTHEORYl
  434C18 ENCODEDWORDENCODE@F12STRINGTHEORYOsbl
  434E08 ENCODEDWORDDECODE@F12STRINGTHEORY
  435444 QUOTEDPRINTABLEDECODE@F12STRINGTHEORY
  4354C0 QUOTEDPRINTABLEENCODE@F12STRINGTHEORY
  4356A8 BASE85DECODE@F12STRINGTHEORY
  435A14 BASE85ENCODE@F12STRINGTHEORYl
  435F70 BASE64DECODE@F12STRINGTHEORYRsbRl
  4361C4 BASE64DECODE@F12STRINGTHEORY
  43622C BASE64ENCODE@F12STRINGTHEORYRsbRl
  436790 BASE64ENCODE@F12STRINGTHEORYl
  436A10 GETADDRESS@F12STRINGTHEORY
  436A14 GETVALUEPTR@F12STRINGTHEORY
  436A54 ABBREVIATE@F12STRINGTHEORYlll
  436B7C ASSIGN@F12STRINGTHEORYsb
  436BB0 ASSIGN@F12STRINGTHEORYRsb
  436BC0 _STEALVALUE@F12STRINGTHEORY12STRINGTHEORY
  436C64 _SETVALUEPOINTER@F12STRINGTHEORYllll
  436DCC _GETNEXTBUFFERSIZE@F12STRINGTHEORYl
  436E70 EQUALS@F12STRINGTHEORYsbl
  436F44 EQUALS@F12STRINGTHEORY12STRINGTHEORYl
  437020 _EQUALSUNICODE@F12STRINGTHEORY12STRINGTHEORYl
  437190 _EQUALSUNICODE@F12STRINGTHEORYRsbl
  437250 SETVALUEBYADDRESS@F12STRINGTHEORYll
  4373C4 SETVALUE@F12STRINGTHEORYRsbl
  437574 SETVALUE@F12STRINGTHEORYsbl
  4375A4 SETVALUE@F12STRINGTHEORY12STRINGTHEORYl
  437604 SETVALUE@F12STRINGTHEORY12STRINGTHEORY
  437704 CATADDR@F12STRINGTHEORYll
  437890 CAT@F12STRINGTHEORYRsbl
  437974 CAT@F12STRINGTHEORYRsb
  437A5C CAT@F12STRINGTHEORYsbl
  437B24 CAT@F12STRINGTHEORYsb
  437BE8 CAT@F12STRINGTHEORY12STRINGTHEORYl
  437CC4 CAT@F12STRINGTHEORY12STRINGTHEORY
  437D98 APPEND@F12STRINGTHEORY12STRINGTHEORY
  437E6C APPEND@F12STRINGTHEORY12STRINGTHEORYsb
  437EB0 APPEND@F12STRINGTHEORY12STRINGTHEORYlsb
  437FE8 APPEND@F12STRINGTHEORYRsblsb
  4381F0 APPEND@F12STRINGTHEORYsblsb
  438280 APPEND@F12STRINGTHEORYRsbl
  438300 APPEND@F12STRINGTHEORYsbl
  438358 APPEND@F12STRINGTHEORYRsb
  438440 APPEND@F12STRINGTHEORYsb
  438504 APPENDBINARY@F12STRINGTHEORYll
  43852C APPENDA@F12STRINGTHEORYsblOsb
  4385CC FLUSH@F12STRINGTHEORY12STRINGTHEORY
  4385F8 FLUSH@F12STRINGTHEORYRsb
  438690 FLUSH@F12STRINGTHEORYsb
  4386C8 FLUSH@F12STRINGTHEORY
  43878C FLUSHANDKEEP@F12STRINGTHEORY
  43881C NOSTREAM@F12STRINGTHEORY
  438834 STREAM@F12STRINGTHEORYsbll
  438AD0 START@F12STRINGTHEORYl
  438B98 DESTRUCT@F12STRINGTHEORY
  438BF4 CONSTRUCT@F12STRINGTHEORY
  438C28 ds_Sleep
  438C88 ds_FormatFastTime
  438E0C ds_FastClock
  4391C8 ds_ErrorReset
  439248 _ASM_Ulong64ToReal
  439258 _ASM_ReadCPUTimeStamp
  439270 _ASM_ReadCPUTimeStampDelta
  43A000 $DEFAULTERRORS
  43B1AC TYPE$COLORMAP
  43B1D8 TCB$COLORMAP
  43B358 STDERRORFILE$TYPE$RECORD
  43B370 $STDERRORFILE
  43B3BC TYPE$PNQ
  43B3DC TYPE$DEFAULTERRORS
  43B63C TYPE$HISTHANDLERCLASS
  43B684 VMT$HISTHANDLERCLASS
  43B6B4 TYPE$MSGBOXCLASS
  43B92C VMT$MSGBOXCLASS
  43B9B4 TYPE$ERRORCLASS
  43BC38 VMT$ERRORCLASS
  43BC84 TYPE$STANDARDERRORLOGCLASS
  43BCBC VMT$STANDARDERRORLOGCLASS
  43BCD4 TYPE$ERRORSTATUSCLASS
  43BDC8 VMT$ERRORSTATUSCLASS
  43BDF4 TYPE$UNTHREADEDFILEOPENERMAP
  43BE18 TCB$UNTHREADEDFILEOPENERMAP
  43BE28 TYPE$FILESMANAGER
  43BE6C VMT$FILESMANAGER
  43BE78 TYPE$FILEMAPPING_T
  43BEA4 TYPE$FILEMAPPING_R
  43BED4 TYPE$STATUSQ_T
  43BF48 TYPE$FUZZYCLASS
  43BFF0 VMT$FUZZYCLASS
  43C008 TYPE$TOOLBARTARGETQUEUE
  43C024 TYPE$TOOLBARCLASS
  43C03C VMT$TOOLBARCLASS
  43C0FC TYPE$SELECTFILECLASS
  43C188 VMT$SELECTFILECLASS
  43C194 TYPE$INICLASS
  43C1DC VMT$INICLASS
  43C26C TYPE$BUTTONLIST
  43C290 TYPE$COMPONENTLIST
  43C748 TYPE$DRWMONITORS
  43C764 TCB$DRWMONITORS
  43C774 TYPE$DICTIONARY
  43C784 VMT$DICTIONARY
  43C790 DATASTORE$TYPE$DRAW:DUMMYRECORD
  43C7B4 TYPE$CRITICALSECTION
  43C7CC VMT$CRITICALSECTION
  43C7D8 TYPE$CRITICALPROCEDURE
  43C7F0 VMT$CRITICALPROCEDURE
  43CBB4 TYPE$MYFUNCTIONSCLASS
  43CBE4 VMT$MYFUNCTIONSCLASS
  43F524 TYPE$STRINGDEFORMAT
  43F534 TYPE$STRINGTHEORY
  43F7A4 TYPE$STRINGFORMAT
  43F7B4 TYPE$STRINGPICTURE
  43F8D0 VMT$STRINGPICTURE
  43F974 VMT$STRINGFORMAT
  43F9BC VMT$STRINGTHEORY
  43FF90 VMT$STRINGDEFORMAT
  440034 TYPE$WTSNOTIFYQ
  440050 TYPE$WE::WM_Q
  44007C TYPE$WE:DCB
  440144 TYPE$DS_VIEWDEBUGQ
  4402E4 P88$TCB$WINQ
  4402F4 TCB$DS_VIEWDEBUGQ
  440304 TCB$WE::WM_Q
  440314 TCB$WTSNOTIFYQ
  440324 TYPE$WA
  4403A4 TYPE$MA
  4403C0 TYPE$DS_GSMEVENTSQ
  4403FC TYPE$WE:ICONQUEUE
  440448 TYPE$WE:ICONHANDLEQUEUE
  440700 VMTP$DICTIONARY
  440720 VMTP$FILESMANAGER
  440728 VMTP$SELECTFILECLASS
  440730 VMTP$INICLASS
  440738 VMTP$TOOLBARCLASS
  440740 VMTP$HISTHANDLERCLASS
  440748 VMTP$MSGBOXCLASS
  440750 VMTP$ERRORCLASS
  440758 VMTP$STANDARDERRORLOGCLASS
  440760 VMTP$ERRORSTATUSCLASS
  440768 VMTP$FUZZYCLASS
  440770 VMTP$STRINGTHEORY
  440778 VMTP$STRINGFORMAT
  440780 VMTP$STRINGPICTURE
  440788 VMTP$STRINGDEFORMAT
  440790 VMTP$MYFUNCTIONSCLASS
  440798 VMTP$CRITICALSECTION
  4407A0 VMTP$CRITICALPROCEDURE
  4407B0 $FUZZYMATCHER
  441DD4 $WE:DEVCB
  443CB8 $COLORMAP
  443CF0 $MULTIWINDOW
  443CF4 $TXTWINDOW
  443CF8 $WINDOW
  443CFC STDERRORFILE$RECORD
  4440FC $UNTHREADEDFILEOPENERMAP
  444104 $CREATEOPENERCRIT
  444214 $DRWMONITORS
  444218 $GLOBALERRORS
  44424C $INIMGR
  444364 KEYS$DATASTORE
  444370 $JDKPARENT
  444374 stNormalizeString
  444378 $HNORMALIZ
  44437C stInflateEnd
  444380 stInflate
  444384 stInflateInit2_
  444388 stDeflateEnd
  44438C stDeflate
  444390 stDeflateInit2_
  444394 $HZLIB
  444398 $SEEDED
  44439C $WE::CRITICALSECTION
  4443A4 $NOTWINDOW
  4443A8 $WTSNOTIFYQ
  4443AC $WE::WM_Q
  4443CC $DS_VIEWDEBUGQ
  444548 $BALLOON98DATA
  4446D0 P88$WINQ
  445008 DATASTORE$DRAW:IMGBLOB
  445028 MEMOS$DATASTORE
  44502C $DATASTORE
  445474 TCB$WA
  445484 TCB$MA
  445494 TCB$DS_GSMEVENTSQ
  4454A4 TCB$WE:ICONQUEUE
  4454B4 TCB$WE:ICONHANDLEQUEUE
  4454D0 $DATASTORENAME
  4455D0 $GLOBALERRORSTATUS
  445CF0 $GLOBALREQUEST
  445CF4 $GLOBALRESPONSE
  445CF8 $VCRREQUEST
  445CFC $DICTIONARY
  445D00 DATASTORE$DRAW:DUMMYRECORD
  445D04 $FILESMANAGER
  445D1C $SZDBTEXTLOG
  44E038 $WINEVENTEXTENDEDERR
  44E138 $WINEVENTERRPROC
  44E238 $WA
  44E258 $MA
  44E25C $DS_GSMEVENTSQ
  44E370 $WE:ICONQUEUE
  44E380 $WE:ICONHANDLEQUEUE
  44E484 $WINEVENTERRORCODE
  44F000 __import_section_start
  45088C __import_section_end

Imports
ClaASC.dll:ASCII 44F094
ClaDOS.dll:DOS 44F0A4
ClaRUN.dll:Cla$ACCEPTED 44F3BC,401000
ClaRUN.dll:Cla$ADDqueue 44F3C0
ClaRUN.dll:Cla$ADDqueueptr 44F3C4
ClaRUN.dll:Cla$AssignLong2RefUfo 44F3C8
ClaRUN.dll:Cla$AssignReal2RefUfo 44F3CC
ClaRUN.dll:Cla$AssignRefUfo 44F3D0
ClaRUN.dll:Cla$BEEP 44F3D4,401008
ClaRUN.dll:Cla$BLOB_GET_PROPERTY 44F3D8
ClaRUN.dll:Cla$BLOB_SET_PROPERTY 44F3DC
ClaRUN.dll:Cla$BLOB_TAKE 44F3E0
ClaRUN.dll:Cla$BLOB_YIELD 44F3E4
ClaRUN.dll:Cla$CLEAR 44F3E8
ClaRUN.dll:Cla$clearstr 44F3EC
ClaRUN.dll:Cla$CLOCK 44F3F0,401010
ClaRUN.dll:Cla$CLOSEwindow 44F3F4,401018
ClaRUN.dll:Cla$code 44F3F8
ClaRUN.dll:Cla$comparestr 44F3FC
ClaRUN.dll:Cla$CONVERTANSITOOEM 44F400,401020
ClaRUN.dll:Cla$CONVERTOEMTOANSI 44F404,401028
ClaRUN.dll:Cla$DATE 44F408,401030
ClaRUN.dll:Cla$DAY 44F40C,401038
ClaRUN.dll:Cla$DecAdd 44F410
ClaRUN.dll:Cla$DecDistinct 44F414
ClaRUN.dll:Cla$DecDistinctR 44F418
ClaRUN.dll:Cla$DecDivide 44F41C
ClaRUN.dll:Cla$DecMul 44F420
ClaRUN.dll:Cla$DecSub 44F424
ClaRUN.dll:Cla$DecSubR 44F428
ClaRUN.dll:Cla$DELETEqueue 44F42C,401040
ClaRUN.dll:Cla$DELETEREG 44F430,401048
ClaRUN.dll:Cla$DInt 44F434
ClaRUN.dll:Cla$DISABLE 44F438,401050
ClaRUN.dll:Cla$DISPLAY 44F43C,401058
ClaRUN.dll:Cla$DISPOSEqueue 44F440
ClaRUN.dll:Cla$DISPOSEref 44F444
ClaRUN.dll:Cla$Dlongpower 44F448
ClaRUN.dll:Cla$DPopDec 44F44C
ClaRUN.dll:Cla$DPopLong 44F450
ClaRUN.dll:Cla$DPopReal 44F454
ClaRUN.dll:Cla$DPopUlong 44F458
ClaRUN.dll:Cla$DPushConstant 44F45C
ClaRUN.dll:Cla$DPushLong 44F460
ClaRUN.dll:Cla$DPushReal 44F464
ClaRUN.dll:Cla$DPushULong 44F468
ClaRUN.dll:Cla$duplicate 44F46C
ClaRUN.dll:Cla$ENABLE 44F470,401060
ClaRUN.dll:Cla$EndEventLoop 44F474
ClaRUN.dll:Cla$EndEventLoops 44F478
ClaRUN.dll:Cla$ERRORCODE 44F47C,401068
ClaRUN.dll:Cla$EVENT 44F480,401070
ClaRUN.dll:Cla$FIELD 44F484,401078
ClaRUN.dll:Cla$FILEDIALOG 44F488,401080
ClaRUN.dll:Cla$FILEERRORCODE 44F48C,401088
ClaRUN.dll:Cla$FILEERRORMSG 44F490,401090
ClaRUN.dll:Cla$FileExists 44F494,401098
ClaRUN.dll:Cla$FILE_ADDf 44F498
ClaRUN.dll:Cla$FILE_CLOSE 44F49C,4010A0
ClaRUN.dll:Cla$FILE_CREATE 44F4A0
ClaRUN.dll:CLA$FILE_DESTROY 44F4A4
ClaRUN.dll:Cla$FILE_NAME 44F4A8,4010A8
ClaRUN.dll:Cla$FILE_OPEN 44F4AC,4010B0
ClaRUN.dll:Cla$FILE_POSITIONf 44F4B0,4010B8
ClaRUN.dll:Cla$FILE_POSITIONk 44F4B4,4010C0
ClaRUN.dll:Cla$FILE_REGETf 44F4B8,4010C8
ClaRUN.dll:Cla$FILE_REGETk 44F4BC,4010D0
ClaRUN.dll:Cla$FOCUS 44F4C0,4010D8
ClaRUN.dll:Cla$FREEqueue 44F4C4
ClaRUN.dll:Cla$FREEqueuea 44F4C8,4010E0
ClaRUN.dll:Cla$freestr 44F4CC
ClaRUN.dll:Cla$FreeUfo 44F4D0
ClaRUN.dll:Cla$freewindow 44F4D4
ClaRUN.dll:Cla$GETGROUP 44F4D8,4010E8
ClaRUN.dll:Cla$GETINI 44F4DC,4010F0
ClaRUN.dll:Cla$GetPropS 44F4E0
ClaRUN.dll:Cla$GETqueuekey 44F4E4,4010F8
ClaRUN.dll:Cla$GETqueueptr 44F4E8
ClaRUN.dll:Cla$GETREG 44F4EC,401100
ClaRUN.dll:Cla$HALT 44F4F0,401108
ClaRUN.dll:Cla$HOWMANY 44F4F4,401110
ClaRUN.dll:Cla$init 44F4F8
ClaRUN.dll:Cla$INSTANCE 44F4FC,401118
ClaRUN.dll:Cla$INT 44F500
ClaRUN.dll:Cla$IsAlpha 44F504,401120
ClaRUN.dll:Cla$isftolower 44F508,401128
ClaRUN.dll:Cla$isftoupper 44F50C,401130
ClaRUN.dll:Cla$ISGROUP 44F510,401138
ClaRUN.dll:Cla$KEYCODE 44F514,401140
ClaRUN.dll:Cla$LONGPATH 44F518,401148
ClaRUN.dll:Cla$longtostr 44F51C
ClaRUN.dll:Cla$Mem2Ufo 44F520
ClaRUN.dll:Cla$MessageBox 44F524,401150
ClaRUN.dll:Cla$modulus 44F528
ClaRUN.dll:Cla$MONTH 44F52C,401158
ClaRUN.dll:Cla$MOUSEX 44F530,401160
ClaRUN.dll:Cla$MOUSEY 44F534,401168
ClaRUN.dll:Cla$NewMemB 44F538
ClaRUN.dll:Cla$NewMemT 44F53C
ClaRUN.dll:Cla$NewMemZ 44F540
ClaRUN.dll:Cla$NEWqueue 44F544
ClaRUN.dll:Cla$NOTIFICATION 44F548,401170
ClaRUN.dll:Cla$OPENowned 44F54C,401178
ClaRUN.dll:Cla$OPENwindow 44F550,401180
ClaRUN.dll:Cla$PEEK 44F554
ClaRUN.dll:Cla$POINTERqueue 44F558,401188
ClaRUN.dll:Cla$PopAString 44F55C
ClaRUN.dll:Cla$PopBind 44F560,401190
ClaRUN.dll:Cla$PopCString 44F564
ClaRUN.dll:Cla$PopPString 44F568
ClaRUN.dll:Cla$PopReal 44F56C
ClaRUN.dll:Cla$PopString 44F570
ClaRUN.dll:Cla$PopTemp 44F574
ClaRUN.dll:Cla$POST 44F578,401198
ClaRUN.dll:Cla$PushAString 44F57C
ClaRUN.dll:Cla$PushBind 44F580,4011A0
ClaRUN.dll:Cla$PushCString 44F584
ClaRUN.dll:Cla$PushLong 44F588
ClaRUN.dll:Cla$PushPictDec 44F58C
ClaRUN.dll:Cla$PushPictLong 44F590
ClaRUN.dll:Cla$PushReal 44F594
ClaRUN.dll:Cla$PushString 44F598
ClaRUN.dll:Cla$PushTemp 44F59C
ClaRUN.dll:Cla$PushUfo 44F5A0
ClaRUN.dll:Cla$PUTINI 44F5A4,4011A8
ClaRUN.dll:Cla$PUTqueue 44F5A8
ClaRUN.dll:Cla$PUTREG 44F5AC,4011B0
ClaRUN.dll:Cla$pwopen 44F5B0,4011B8
ClaRUN.dll:Cla$realdistinct 44F5B4
ClaRUN.dll:Cla$RECORDSqueue 44F5B8,4011C0
ClaRUN.dll:Cla$RefAssignAny 44F5BC
ClaRUN.dll:Cla$REGULAR 44F5C0,4011C8
ClaRUN.dll:Cla$RemoveFile 44F5C4,4011D0
ClaRUN.dll:Cla$SELECT 44F5C8,4011D8
ClaRUN.dll:Cla$SETCURSOR 44F5CC,4011E0
ClaRUN.dll:Cla$SETKEYCODE 44F5D0,4011E8
ClaRUN.dll:Cla$SETPATH 44F5D4,4011F0
ClaRUN.dll:Cla$SetPropQ 44F5D8
ClaRUN.dll:Cla$SetPropS 44F5DC
ClaRUN.dll:Cla$SetPropV 44F5E0
ClaRUN.dll:Cla$SHORTPATH 44F5E4,4011F8
ClaRUN.dll:Cla$SORTqueuefkey 44F5E8
ClaRUN.dll:Cla$Stack2DStack 44F5EC
ClaRUN.dll:Cla$Stack2Ufo 44F5F0
ClaRUN.dll:Cla$StackALL 44F5F4,401200
ClaRUN.dll:Cla$StackCLIP 44F5F8,401208
ClaRUN.dll:Cla$StackCompare 44F5FC
ClaRUN.dll:Cla$StackCompareN 44F600
ClaRUN.dll:Cla$StackCompareNEQ 44F604
ClaRUN.dll:Cla$StackCompareR 44F608
ClaRUN.dll:Cla$StackConcat 44F60C
ClaRUN.dll:Cla$StackConcatR 44F610
ClaRUN.dll:Cla$StackDEFORMAT2 44F614
ClaRUN.dll:Cla$StackErrstr 44F618,401210
ClaRUN.dll:Cla$StackFORMAT2 44F61C
ClaRUN.dll:Cla$StackHeap 44F620
ClaRUN.dll:Cla$StackINLIST 44F624
ClaRUN.dll:Cla$StackINSTRING 44F628,401218
ClaRUN.dll:Cla$StackLEFT 44F62C,401220
ClaRUN.dll:Cla$StackLen 44F630,401228
ClaRUN.dll:Cla$StackLOWER 44F634,401230
ClaRUN.dll:Cla$StackNUMERIC 44F638,401238
ClaRUN.dll:Cla$STACKpop 44F63C
ClaRUN.dll:Cla$StackRIGHT 44F640,401240
ClaRUN.dll:Cla$StackRotate 44F644
ClaRUN.dll:Cla$StackSUB 44F648,401248
ClaRUN.dll:Cla$StackUPPER 44F64C,401250
ClaRUN.dll:Cla$StackVAL 44F650
ClaRUN.dll:Cla$StartEventLoop 44F654
ClaRUN.dll:Cla$StashBP 44F658
ClaRUN.dll:Cla$storecstr 44F65C
ClaRUN.dll:Cla$storepstr 44F660
ClaRUN.dll:Cla$storestr 44F664
ClaRUN.dll:Cla$String2Ref 44F668
ClaRUN.dll:Cla$THREAD 44F66C,401258
ClaRUN.dll:Cla$THREAD_FILE 44F670
ClaRUN.dll:Cla$TODAY 44F674,401260
ClaRUN.dll:Cla$Ufo2Real 44F678
ClaRUN.dll:Cla$UNHIDE 44F67C,401268
ClaRUN.dll:Cla$UNREGISTEREVENT 44F680,401270
ClaRUN.dll:Cla$WHAT 44F684,401278
ClaRUN.dll:Cla$YEAR 44F688,401280
ClaRUN.dll:NewCriticalSection 44F68C,401288
ClaRUN.dll:THR$GetInstance 44F690,401290
ClaRUN.dll:_exit 44F694,401298
ClaRUN.dll:_free 44F698
ClaRUN.dll:_malloc 44F69C
ClaRUN.dll:_memchr 44F6A0,4012A0
ClaRUN.dll:_memcmp 44F6A4,4012A8
ClaRUN.dll:_memcpy 44F6A8,4012B0
ClaRUN.dll:_memicmp 44F6AC,4012B8
ClaRUN.dll:_memmove 44F6B0,4012C0
ClaRUN.dll:_memset 44F6B4,4012C8
ClaRUN.dll:_rand 44F6B8,4012D0
ClaRUN.dll:_srand 44F6BC,4012D8
ClaRUN.dll:__sysinit 44F6C0,4012E0
ClaRUN.dll:__sysstart 44F6C4,4012E8
ClaTPS.dll:TOPSPEED 44F6D4
KERNEL32.dll:CloseHandle 44F728,4012F0
KERNEL32.dll:CopyFileExA 44F72C,4012F8
KERNEL32.dll:CreateFileA 44F730,401300
KERNEL32.dll:FormatMessageA 44F734,401308
KERNEL32.dll:GetCurrentProcessId 44F738,401310
KERNEL32.dll:GetFileSize 44F73C,401318
KERNEL32.dll:GetLastError 44F740,401320
KERNEL32.dll:GetProcAddress 44F744,401328
KERNEL32.dll:LoadLibraryA 44F748,401330
KERNEL32.dll:MultiByteToWideChar 44F74C,401338
KERNEL32.dll:OutputDebugStringA 44F750,401340
KERNEL32.dll:QueryPerformanceCounter 44F754,401348
KERNEL32.dll:QueryPerformanceFrequency 44F758,401350
KERNEL32.dll:ReadFile 44F75C,401358
KERNEL32.dll:SetFilePointer 44F760,401360
KERNEL32.dll:Sleep 44F764,401368
KERNEL32.dll:WideCharToMultiByte 44F768,401370
KERNEL32.dll:WriteFile 44F76C,401378
USER32.dll:GetSysColor 44F77C,401380



Entry Point:   408310